// Jest Snapshot v1, https://goo.gl/fbAQLP

exports[`<Advertisement /> should looks like the last snapshot 1`] = `
.c0 {
  min-height: 4.5rem;
  display: -webkit-box;
  display: -webkit-flex;
  display: -ms-flexbox;
  display: flex;
  -webkit-box-pack: center;
  -webkit-justify-content: center;
  -ms-flex-pack: center;
  justify-content: center;
  -webkit-align-items: center;
  -webkit-box-align: center;
  -ms-flex-align: center;
  align-items: center;
  background-color: #511F64;
  color: #F0F0F0;
  font-size: 1.2rem;
  font-family: 'Montserrat',sans-serif;
}

.c0 p {
  text-align: center;
  padding: 0.5rem 1rem;
}

<div
  class="c0"
>
  <p>
    a simple test
  </p>
</div>
`;
