// Jest Snapshot v1, https://goo.gl/fbAQLP

exports[`<DefaultLayout /> should looks like the snapshot 1`] = `
.c0 {
  height: 8rem;
  background-color: #612F74;
}

.c1 {
  display: -webkit-box;
  display: -webkit-flex;
  display: -ms-flexbox;
  display: flex;
  -webkit-flex-direction: row;
  -ms-flex-direction: row;
  flex-direction: row;
  -webkit-box-pack: justify;
  -webkit-justify-content: space-between;
  -ms-flex-pack: justify;
  justify-content: space-between;
  -webkit-align-items: center;
  -webkit-box-align: center;
  -ms-flex-align: center;
  align-items: center;
  width: min(100em,100%);
  padding: 0 1rem;
  margin: 0 auto;
  height: 100%;
}

.c2 {
  height: 4rem;
}

.c3 {
  display: inline-block;
}

.c3 img {
  height: 1.6rem;
  margin-left: 0.5rem;
}

<header
  class="c0"
>
  <div
    class="c1"
  >
    <div>
      <a
        href="/"
      >
        <img
          alt="Logo Wilson Neto"
          class="c2"
          role="logo"
          src="/img/wilsonneto.png"
        />
      </a>
    </div>
    <div>
      <a
        class="c3"
        href="/"
        role="social-link"
        target="_blank"
      >
        <img
          alt="Wilson Neto - Github"
          src="/img/ic-github.svg"
        />
      </a>
      <a
        class="c3"
        href="/"
        role="social-link"
        target="_blank"
      >
        <img
          alt="Wilson Neto - Linkedin"
          src="/img/ic-linkedin.svg"
        />
      </a>
    </div>
  </div>
</header>
`;
